// Jest Snapshot v1, https://goo.gl/fbAQLP

exports[`Input Component renders the input with the correct placeholder and label 1`] = `
<div>
  <div
    class="w-full mb-5 undefined"
  >
    <div
      class="relative flex flex-col gap-1"
    >
      <label
        class="ml-4 text-base font-semibold"
        for="Input Name"
      >
        Label Text
      </label>
      <input
        class="rounded-md bg-brand-background-primary placeholder-[#E0E0E1] h-8 px-2 py-1"
        id="Input Name"
        name="Input Name"
        placeholder="Placeholder text"
        type="text"
        value=""
      />
    </div>
  </div>
</div>
`;
